<MapUnit xmlns="clr-namespace:Mobilize.Mappers.Extensibility.Core;assembly=Mobilize.ExtensibleMappers"
         xmlns:map="clr-namespace:Mobilize.Mappers.Extensibility.Code;assembly=Mobilize.ExtensibleMappers">
  <MapUnit.Elements>
    <map:CodeMapPackage Type="Microsoft.Phone.Scheduler.ScheduledTask">
      <map:CodeMapPackage.Maps>

        <map:CodeMap Kind="Type">
          <map:CodeMap.Action>
            <map:ActionSequence>              
              <map:ReplaceClassUsage NewNamespace="Windows.ApplicationModel.Background" NewClassName="BackgroundTaskBuilder" />
              <map:MarkAsNotMapped />
            </map:ActionSequence>              
          </map:CodeMap.Action>
        </map:CodeMap>

        <!--Properties-->
    

        <map:CodeMap Kind="New" >          
          <map:CodeMap.Action>
            <map:Conditional>
              <map:Case>
                <map:Case.Condition>
                  <map:WithConstructorCall>
                    <map:ArgumentCount>1</map:ArgumentCount>
                    <map:WithArgument Position="0">
                      <map:AssignName>$Name</map:AssignName>
                    </map:WithArgument>
                  </map:WithConstructorCall>
                </map:Case.Condition>
                <map:Case.Action>
                  <map:ReplaceWithTemplate>
                    <![CDATA[new Windows.ApplicationModel.Background.BackgroundTaskBuilder(){ Name = $Name }]]>
                  </map:ReplaceWithTemplate>
                </map:Case.Action>
              </map:Case>
              <map:Default>
                <map:MarkAsNotMapped />
              </map:Default>
            </map:Conditional>
          </map:CodeMap.Action>
        </map:CodeMap>

        <map:CodeMap Kind="MemberAccess" MemberName="IsEnabled">
          <map:CodeMap.Action>
            <map:CommentOut />
          </map:CodeMap.Action>
        </map:CodeMap>

        <map:CodeMap Kind="MemberAccess" MemberName="Name">
          <map:CodeMap.Action>
            <map:CommentOut />
          </map:CodeMap.Action>
        </map:CodeMap>

        <map:CodeMap Kind="MemberAccess" MemberName="Description">
          <map:CodeMap.Action>
            <map:MarkAsNotMapped />
          </map:CodeMap.Action>
        </map:CodeMap>
        
        <map:CodeMap Kind="MemberAccess" MemberName="ExpirationTime">
          <map:CodeMap.Action>
            <map:MarkAsNotMapped />
          </map:CodeMap.Action>
        </map:CodeMap>
      </map:CodeMapPackage.Maps>
    </map:CodeMapPackage>
  </MapUnit.Elements>
</MapUnit>