<MapUnit xmlns="clr-namespace:Mobilize.Mappers.Extensibility.Core;assembly=Mobilize.ExtensibleMappers"
         xmlns:map="clr-namespace:Mobilize.Mappers.Extensibility.Code;assembly=Mobilize.ExtensibleMappers">
  <MapUnit.Elements>
    <map:CodeMapPackage Type="Coding4Fun.Toolkit.Controls.ChatBubble">
      <map:CodeMapPackage.Maps>

        <map:CodeMap Kind="Type">
          <map:CodeMap.Action>
            <map:MarkAsNotMapped/>
          </map:CodeMap.Action>
        </map:CodeMap>

        <map:CodeMap Kind="MemberAccess" MemberName="Content">
          <map:ActionSequence>
            <map:MarkAsNotMapped />
          </map:ActionSequence>
        </map:CodeMap>

        <map:CodeMap Kind="MemberAccess" MemberName="IsEnabled">
          <map:ActionSequence>
            <map:MarkAsNotMapped />
          </map:ActionSequence>
        </map:CodeMap>

        <map:CodeMap Kind="MemberAccess" MemberName="ChatBubbleDirection">
          <map:ActionSequence>
            <map:MarkAsNotMapped />
          </map:ActionSequence>
        </map:CodeMap>
        
       
      </map:CodeMapPackage.Maps>   
      <map:CodeMapPackage.Metadata>
        <map:PackageMetadata Key="DIRECT_MAPPING" Value="true" />
      </map:CodeMapPackage.Metadata>
    </map:CodeMapPackage>
  </MapUnit.Elements>
</MapUnit>