<MapUnit xmlns="clr-namespace:Mobilize.Mappers.Extensibility.Core;assembly=Mobilize.ExtensibleMappers"
         xmlns:map="clr-namespace:Mobilize.Mappers.Extensibility.Code;assembly=Mobilize.ExtensibleMappers">
  <MapUnit.Elements>
    <map:CodeMapPackage Type="Coding4Fun.Phone.Controls.ColorSlider">
      <map:CodeMapPackage.Maps>

        <map:CodeMap Kind="Type">
          <map:CodeMap.Action>
            <map:MarkAsNotMapped/>
          </map:CodeMap.Action>
        </map:CodeMap>

        <map:CodeMap Kind="MemberAccess" MemberName="Color">
          <map:ActionSequence>
            <map:MarkAsNotMapped />
          </map:ActionSequence>
        </map:CodeMap>

        <map:CodeMap Kind="MemberAccess" MemberName="SolidColorBrush">
          <map:ActionSequence>
            <map:MarkAsNotMapped />
          </map:ActionSequence>
        </map:CodeMap>

        <map:CodeMap Kind="MemberAccess" MemberName="ColorChanged">
          <map:ActionSequence>
            <map:MarkAsNotMapped />
          </map:ActionSequence>
        </map:CodeMap>

        <map:CodeMap Kind="MemberAccess" MemberName="Orientation">
          <map:ActionSequence>
            <map:MarkAsNotMapped />
          </map:ActionSequence>
        </map:CodeMap>

        <map:CodeMap Kind="MemberAccess" MemberName="IscolorVisible">
          <map:ActionSequence>
            <map:MarkAsNotMapped />
          </map:ActionSequence>
        </map:CodeMap>


      </map:CodeMapPackage.Maps>   
      <map:CodeMapPackage.Metadata>
        <map:PackageMetadata Key="DIRECT_MAPPING" Value="true" />
      </map:CodeMapPackage.Metadata>
    </map:CodeMapPackage>
  </MapUnit.Elements>
</MapUnit>