<MapUnit xmlns="clr-namespace:Mobilize.Mappers.Extensibility.Core;assembly=Mobilize.ExtensibleMappers"
         xmlns:map="clr-namespace:Mobilize.Mappers.Extensibility.Code;assembly=Mobilize.ExtensibleMappers">
  <MapUnit.Elements>
    <map:CodeMapPackage Type="Microsoft.Phone.Shell.IconicTileData">
      <map:CodeMapPackage.Maps>

        <map:CodeMap Kind="Type">
          <map:CodeMap.Action>
            <map:ActionSequence>
              <map:AddHelper Path="..\Helpers\IconicTileData.cs" />
              <map:AddHelper Path="..\Helpers\TileHelper.cs" />
              <map:ReplaceClassUsage NewNamespace="WindowsPhoneUWP.UpgradeHelpers" NewClassName="IconicTileData" />              
            </map:ActionSequence>              
          </map:CodeMap.Action>
        </map:CodeMap>
        
        <map:CodeMap Kind="New" >          
          <map:CodeMap.Action>
            <map:Conditional>
              <map:Case>
                <map:Case.Condition>
                  <map:WithConstructorCall>
                    <map:ArgumentCount>0</map:ArgumentCount>                    
                  </map:WithConstructorCall>
                </map:Case.Condition>
                <map:Case.Action>
                  <map:Keep />
                </map:Case.Action>
              </map:Case>            
              <map:Default>
                <map:MarkAsNotMapped />
              </map:Default>
            </map:Conditional>
          </map:CodeMap.Action>
        </map:CodeMap>

        <!--Properties-->
        
        <map:CodeMap Kind="MemberAccess" MemberName="Title">
          <map:CodeMap.Action>
            <map:Keep />
          </map:CodeMap.Action>
        </map:CodeMap>

        <map:CodeMap Kind="MemberAccess" MemberName="BackgroundColor">
          <map:CodeMap.Action>
            <map:Keep />
          </map:CodeMap.Action>
        </map:CodeMap>

        <map:CodeMap Kind="MemberAccess" MemberName="Count">
          <map:CodeMap.Action>
            <map:Keep />
          </map:CodeMap.Action>
        </map:CodeMap>

        <map:CodeMap Kind="MemberAccess" MemberName="IconImage">
          <map:CodeMap.Action>
            <map:Keep />
          </map:CodeMap.Action>
        </map:CodeMap>

        <map:CodeMap Kind="MemberAccess" MemberName="SmallIconImage">
          <map:CodeMap.Action>
            <map:Keep />
          </map:CodeMap.Action>
        </map:CodeMap>        
        
        <map:CodeMap Kind="MemberAccess" MemberName="WideContent1">
          <map:CodeMap.Action>
            <map:Keep />
          </map:CodeMap.Action>
        </map:CodeMap>
        <map:CodeMap Kind="MemberAccess" MemberName="WideContent2">
          <map:CodeMap.Action>
            <map:Keep />
          </map:CodeMap.Action>
        </map:CodeMap>
        <map:CodeMap Kind="MemberAccess" MemberName="WideContent3">
          <map:CodeMap.Action>
            <map:Keep />
          </map:CodeMap.Action>
        </map:CodeMap>        
                
      </map:CodeMapPackage.Maps>      
    </map:CodeMapPackage>
  </MapUnit.Elements>
</MapUnit>